// Jest Snapshot v1, https://goo.gl/fbAQLP

exports[`BrowseSearchResults ===================== renders with props 1`] = `ShallowWrapper {}`;
