// Jest Snapshot v1, https://goo.gl/fbAQLP

exports[`Pagination ===================== renders with props 1`] = `ShallowWrapper {}`;
